*----------------------------------------------------------------------------------------
*	Innovus 15.23-s045_1 (64bit) 04/22/2016 12:32 (Linux 2.6.18-194.el5)
*	
*
* 	Date & Time:	2025-Mar-21 20:46:42 (2025-Mar-22 03:46:42 GMT)
*
*----------------------------------------------------------------------------------------
*
*	Design: fullchip
*
*	Liberty Libraries used: 
*	        WC_VIEW: /home/linux/ieng6/ee260bwi25/public/PDKdata/lib/tcbn65gpluswc.lib
*	        WC_VIEW: ./subckt/core_WC.lib
*
*	Power Domain used: 
*		Rail:        VDD 	Voltage:        0.9 
*
*       Power View : WC_VIEW
*
*       User-Defined Activity : N.A.
*
*       Activity File: N.A.
*
*       Hierarchical Global Activity: N.A.
*
*       Global Activity: N.A.
*
*       Sequential Element Activity: 0.200000
*
*       Primary Input Activity: 0.200000
*
*       Default icg ratio: N.A.
*
*       Global Comb ClockGate Ratio: N.A.
*
*	Power Units = 1mW
*
*	Time Units = 1e-09 secs 
*
*       report_power -outfile fullchip.post_route.power.rpt
*
-----------------------------------------------------------------------------------------


Total Power 
-----------------------------------------------------------------------------------------
Total Internal Power:        2.29987787 	   14.1467%
Total Switching Power:      13.79306021 	   84.8418%
Total Leakage Power:         0.16444724 	    1.0115%
Total Power:                16.25738525 
-----------------------------------------------------------------------------------------


Group                           Internal   Switching     Leakage       Total  Percentage 
                                Power      Power         Power         Power  (%)        
-----------------------------------------------------------------------------------------
Sequential                             0           0           0           0           0 
Macro                                  0       6.176           0       6.176       37.99 
IO                                     0           0           0           0           0 
Combinational                      2.175       7.381      0.1636        9.72       59.79 
Clock (Combinational)             0.1251      0.2356   0.0008359      0.3616       2.224 
Clock (Sequential)                     0           0           0           0           0 
-----------------------------------------------------------------------------------------
Total                                2.3       13.79      0.1644       16.26         100 
-----------------------------------------------------------------------------------------


Rail                  Voltage   Internal   Switching     Leakage       Total  Percentage 
                                Power      Power         Power         Power  (%)        
-----------------------------------------------------------------------------------------
VDD                       0.9        2.3       13.79      0.1644       16.26         100 


Clock                           Internal   Switching     Leakage       Total  Percentage 
                                Power      Power         Power         Power  (%)        
-----------------------------------------------------------------------------------------
clk                               0.1251      0.2356   0.0008359      0.3616       2.224 
-----------------------------------------------------------------------------------------
Total (excluding duplicates)      0.1251      0.2356   0.0008359      0.3616       2.224 
-----------------------------------------------------------------------------------------


-----------------------------------------------------------------------------------------
*	Power Distribution Summary: 
* 		Highest Average Power:            core_instance1 (core): 	     3.343 
* 		Highest Leakage Power: FE_PSC1110_FE_OFN52_out_235_ (BUFFD16): 	 0.0002475 
* 		Total Cap: 	1.54611e-10 F
* 		Total instances in design:  1007
* 		Total instances in design with no power:     0
*          Total instances in design with no activity:     0
* 		Total Fillers and Decap:     0
-----------------------------------------------------------------------------------------

