*----------------------------------------------------------------------------------------
*	Innovus 15.23-s045_1 (64bit) 04/22/2016 12:32 (Linux 2.6.18-194.el5)
*	
*
* 	Date & Time:	2025-Mar-22 18:15:43 (2025-Mar-23 01:15:43 GMT)
*
*----------------------------------------------------------------------------------------
*
*	Design: core
*
*	Liberty Libraries used: 
*	        WC_VIEW: /home/linux/ieng6/ee260bwi25/zuy001/project/project/project_p3/pnr_core/cts.enc.dat/libs/mmmc/tcbn65gpluswc.lib
*	        WC_VIEW: /home/linux/ieng6/ee260bwi25/zuy001/project/project/project_p3/pnr_core/cts.enc.dat/libs/mmmc/sram_w16_64b_WC.lib
*	        WC_VIEW: /home/linux/ieng6/ee260bwi25/zuy001/project/project/project_p3/pnr_core/cts.enc.dat/libs/mmmc/sram_w16_160b_WC.lib
*
*	Power Domain used: 
*		Rail:        VDD 	Voltage:        0.9 
*
*       Power View : WC_VIEW
*
*       User-Defined Activity : N.A.
*
*       Activity File: N.A.
*
*       Hierarchical Global Activity: N.A.
*
*       Global Activity: N.A.
*
*       Sequential Element Activity: 0.200000
*
*       Primary Input Activity: 0.200000
*
*       Default icg ratio: N.A.
*
*       Global Comb ClockGate Ratio: N.A.
*
*	Power Units = 1mW
*
*	Time Units = 1e-09 secs 
*
*       report_power -outfile core.post_route.power.rpt
*
-----------------------------------------------------------------------------------------


Total Power 
-----------------------------------------------------------------------------------------
Total Internal Power:        1.11494461 	   48.9358%
Total Switching Power:       0.53710253 	   23.5738%
Total Leakage Power:         0.62633690 	   27.4904%
Total Power:                 2.27838405 
-----------------------------------------------------------------------------------------


Group                           Internal   Switching     Leakage       Total  Percentage 
                                Power      Power         Power         Power  (%)        
-----------------------------------------------------------------------------------------
Sequential                        0.6856     0.03908       0.205      0.9297        40.8 
Macro                                  0     0.03218           0     0.03218       1.412 
IO                                     0           0           0           0           0 
Combinational                      0.394      0.3606      0.4097       1.164        51.1 
Clock (Combinational)            0.03541      0.1052     0.01166      0.1523       6.685 
Clock (Sequential)                     0           0           0           0           0 
-----------------------------------------------------------------------------------------
Total                              1.115      0.5371      0.6263       2.278         100 
-----------------------------------------------------------------------------------------


Rail                  Voltage   Internal   Switching     Leakage       Total  Percentage 
                                Power      Power         Power         Power  (%)        
-----------------------------------------------------------------------------------------
VDD                       0.9      1.115      0.5371      0.6263       2.278         100 


Clock                           Internal   Switching     Leakage       Total  Percentage 
                                Power      Power         Power         Power  (%)        
-----------------------------------------------------------------------------------------
clk                              0.03541      0.1052     0.01166      0.1523       6.685 
-----------------------------------------------------------------------------------------
Total (excluding duplicates)     0.03541      0.1052     0.01166      0.1523       6.685 
-----------------------------------------------------------------------------------------


-----------------------------------------------------------------------------------------
*	Power Distribution Summary: 
* 		Highest Average Power:         psum_mem_instance (sram_w16_160b): 	   0.02564 
* 		Highest Leakage Power: mac_array_instance/col_idx_8__mac_col_inst/mac_8in_instance/DP_OP_38J5_122_4029_U99 (CMPE42D1): 	 0.0002456 
* 		Total Cap: 	1.45868e-10 F
* 		Total instances in design: 17016
* 		Total instances in design with no power:     0
*          Total instances in design with no activity:     0
* 		Total Fillers and Decap:     0
-----------------------------------------------------------------------------------------

